Warning[w6]: Type conflict for external/entry "alarm_sms", in module ota against external/entry in module alarms; prototyped function vs K&R function
  /* In module ota: */
  /* K&R Function, args 0, attr 0 */
  int (__cc_version2 alarm_sms)();
  /* In module alarms: */
  /* Function, args 2, attr 0 */
  void (__cc_version2 alarm_sms)(uint8_t,
                                 long);
    typedef unsigned char uint8_t;
Warning[w6]: Type conflict for external/entry "batt_getlevel", in module ota against external/entry in module battery; function return types are different; different basic types
  /* In module ota: */
  /* K&R Function, args 0, attr 0 */
  int (__cc_version2 batt_getlevel)();
  /* In module battery: */
  /* K&R Function, args 0, attr 0 */
  uint8_t (__cc_version2 batt_getlevel)();
    typedef unsigned char uint8_t;
Warning[w6]: Type conflict for external/entry "batt_getlevel", in module debug against external/entry in module battery; function return types are different; different basic types
  /* In module debug: */
  /* K&R Function, args 0, attr 0 */
  int (__cc_version2 batt_getlevel)();
  /* In module battery: */
  /* K&R Function, args 0, attr 0 */
  uint8_t (__cc_version2 batt_getlevel)();
    typedef unsigned char uint8_t;
Warning[w6]: Type conflict for external/entry "batt_voltage", in module device_alarms against external/entry in module battery; function return types are different; different basic types
  /* In module device_alarms: */
  /* K&R Function, args 0, attr 0 */
  int (__cc_version2 batt_voltage)();
  /* In module battery: */
  /* K&R Function, args 0, attr 0 */
  uint16_t (__cc_version2 batt_voltage)();
    typedef unsigned int uint16_t;
Warning[w6]: Type conflict for external/entry "check_batt_state", in module events against external/entry in module battery; function return types are different; different basic types
  /* In module events: */
  /* K&R Function, args 0, attr 0 */
  int (__cc_version2 check_batt_state)();
  /* In module battery: */
  /* K&R Function, args 0, attr 0 */
  void (__cc_version2 check_batt_state)();
Warning[w6]: Type conflict for external/entry "config_parse_configuration_http", in module sms against external/entry in module config; prototyped function vs K&R function
  /* In module sms: */
  /* K&R Function, args 0, attr 0 */
  int (__cc_version2 config_parse_configuration_http)();
  /* In module config: */
  /* Function, args 0, attr 0 */
  int (__cc_version2 config_parse_configuration_http)(void);
Warning[w6]: Type conflict for external/entry "g_pSysCfg", in module ota against external/entry in module config; class/struct/union types have different sizes
  /* In module ota: */
  CONFIG_SYSTEM * g_pSysCfg;
    typedef struct __Unnamed_45_124 CONFIG_SYSTEM;
  /* In module config: */
  CONFIG_SYSTEM * g_pSysCfg;
    typedef struct __Unnamed_8_329 CONFIG_SYSTEM;
Warning[w6]: Type conflict for external/entry "config_load_profile", in module config against external/entry in module config_profiles; function types differ in parameter 1; class/struct/union types have different sizes
  /* In module config: */
  /* Function, args 1, attr 0 */
  void (__cc_version2 config_load_profile)(ConfigProfile);
    typedef ConfigEntry const * ConfigProfile;
    typedef CONFIG_ENTRY const * ConfigEntry;
    typedef struct __Unnamed_8_248 CONFIG_ENTRY;
  /* In module config_profiles: */
  /* Function, args 1, attr 0 */
  void (__cc_version2 config_load_profile)(ConfigProfile);
    typedef ConfigEntry const * ConfigProfile;
    typedef CONFIG_ENTRY const * ConfigEntry;
    typedef struct __Unnamed_9_191 CONFIG_ENTRY;
Warning[w6]: Type conflict for external/entry "g_DefaultConfigProfile", in module config against external/entry in module config_profiles; class/struct/union types have different sizes
  /* In module config: */
  ConfigProfile const g_DefaultConfigProfile;
    typedef ConfigEntry const * ConfigProfile;
    typedef CONFIG_ENTRY const * ConfigEntry;
    typedef struct __Unnamed_8_248 CONFIG_ENTRY;
  /* In module config_profiles: */
  ConfigProfile const g_DefaultConfigProfile;
    typedef ConfigEntry const * ConfigProfile;
    typedef CONFIG_ENTRY const * ConfigEntry;
    typedef struct __Unnamed_9_191 CONFIG_ENTRY;
Warning[w6]: Type conflict for external/entry "g_ServiceModeConfigProfile", in module config against external/entry in module config_profiles; class/struct/union types have different sizes
  /* In module config: */
  ConfigProfile const g_ServiceModeConfigProfile;
    typedef ConfigEntry const * ConfigProfile;
    typedef CONFIG_ENTRY const * ConfigEntry;
    typedef struct __Unnamed_8_248 CONFIG_ENTRY;
  /* In module config_profiles: */
  ConfigProfile const g_ServiceModeConfigProfile;
    typedef ConfigEntry const * ConfigProfile;
    typedef CONFIG_ENTRY const * ConfigEntry;
    typedef struct __Unnamed_9_191 CONFIG_ENTRY;
Warning[w6]: Type conflict for external/entry "crc_get", in module http against external/entry in module crc; prototyped function vs K&R function
  /* In module http: */
  /* K&R Function, args 0, attr 0 */
  int (__cc_version2 crc_get)();
  /* In module crc: */
  /* Function, args 3, attr 0 */
  uint16_t (__cc_version2 crc_get)(char *,
                                   int,
                                   uint16_t);
    typedef unsigned int uint16_t;
Warning[w6]: Type conflict for external/entry "check_diagnosis_command", in module main_system against external/entry in module debug; function return types are different; different basic types
  /* In module main_system: */
  /* K&R Function, args 0, attr 0 */
  int (__cc_version2 check_diagnosis_command)();
  /* In module debug: */
  /* K&R Function, args 0, attr 0 */
  uint8_t (__cc_version2 check_diagnosis_command)();
    typedef unsigned char uint8_t;
Warning[w6]: Type conflict for external/entry "debug_print", in module sms against external/entry in module debug; prototyped function vs K&R function
  /* In module sms: */
  /* K&R Function, args 0, attr 0 */
  int (__cc_version2 debug_print)();
  /* In module debug: */
  /* Function, args 1, attr 0 */
  void (__cc_version2 debug_print)(char *);
Warning[w6]: Type conflict for external/entry "debug_print", in module modem against external/entry in module debug; prototyped function vs K&R function
  /* In module modem: */
  /* K&R Function, args 0, attr 0 */
  int (__cc_version2 debug_print)();
  /* In module debug: */
  /* Function, args 1, attr 0 */
  void (__cc_version2 debug_print)(char *);
Warning[w6]: Type conflict for external/entry "debug_print", in module battery against external/entry in module debug; prototyped function vs K&R function
  /* In module battery: */
  /* K&R Function, args 0, attr 0 */
  int (__cc_version2 debug_print)();
  /* In module debug: */
  /* Function, args 1, attr 0 */
  void (__cc_version2 debug_print)(char *);
Warning[w6]: Type conflict for external/entry "disable_diagnosis", in module events against external/entry in module debug; function return types are different; different basic types
  /* In module events: */
  /* K&R Function, args 0, attr 0 */
  int (__cc_version2 disable_diagnosis)();
  /* In module debug: */
  /* K&R Function, args 0, attr 0 */
  void (__cc_version2 disable_diagnosis)();
Warning[w6]: Type conflict for external/entry "enable_diagnosis", in module events against external/entry in module debug; function return types are different; different basic types
  /* In module events: */
  /* K&R Function, args 0, attr 0 */
  int (__cc_version2 enable_diagnosis)();
  /* In module debug: */
  /* K&R Function, args 0, attr 0 */
  void (__cc_version2 enable_diagnosis)();
Warning[w6]: Type conflict for external/entry "parse_diag_command", in module main_system against external/entry in module debug; function return types are different; different basic types
  /* In module main_system: */
  /* K&R Function, args 0, attr 0 */
  int (__cc_version2 parse_diag_command)();
  /* In module debug: */
  /* K&R Function, args 0, attr 0 */
  unsigned char (__cc_version2 parse_diag_command)();
Warning[w6]: Type conflict for external/entry "alarm_packet", in module ota against external/entry in module device_alarms; prototyped function vs K&R function
  /* In module ota: */
  /* K&R Function, args 0, attr 0 */
  int (__cc_version2 alarm_packet)();
  /* In module device_alarms: */
  /* Function, args 1, attr 0 */
  void (__cc_version2 alarm_packet)(char *);
Warning[w6]: Type conflict for external/entry "check_battery_alarm", in module events against external/entry in module device_alarms; function return types are different; different basic types
  /* In module events: */
  /* K&R Function, args 0, attr 0 */
  int (__cc_version2 check_battery_alarm)();
  /* In module device_alarms: */
  /* K&R Function, args 0, attr 0 */
  void (__cc_version2 check_battery_alarm)();
Warning[w6]: Type conflict for external/entry "check_sensor_alarm", in module events against external/entry in module device_alarms; function return types are different; different basic types
  /* In module events: */
  /* K&R Function, args 0, attr 0 */
  int (__cc_version2 check_sensor_alarm)();
  /* In module device_alarms: */
  /* K&R Function, args 0, attr 0 */
  void (__cc_version2 check_sensor_alarm)();
Warning[w6]: Type conflict for external/entry "read_alarm_packets", in module events against external/entry in module device_alarms; function return types are different; different basic types
  /* In module events: */
  /* K&R Function, args 0, attr 0 */
  int (__cc_version2 read_alarm_packets)();
  /* In module device_alarms: */
  /* K&R Function, args 0, attr 0 */
  void (__cc_version2 read_alarm_packets)();
Warning[w6]: Type conflict for external/entry "encode_value", in module packet_format against external/entry in module encode; prototyped function vs K&R function
  /* In module packet_format: */
  /* K&R Function, args 0, attr 0 */
  int (__cc_version2 encode_value)();
  /* In module encode: */
  /* Function, args 2, attr 0 */
  void (__cc_version2 encode_value)(char *,
                                    char *);
Warning[w6]: Type conflict for external/entry "file_system", in module modem against external/entry in module file_system; prototyped function vs K&R function
  /* In module modem: */
  /* K&R Function, args 0, attr 0 */
  int (__cc_version2 file_system)();
  /* In module file_system: */
  /* Function, args 0, attr 0 */
  void (__cc_version2 file_system)(void);
Warning[w6]: Type conflict for external/entry "Fridge_test", in module debug against external/entry in module fridge_data; prototyped function vs K&R function
  /* In module debug: */
  /* K&R Function, args 0, attr 0 */
  int (__cc_version2 Fridge_test)();
  /* In module fridge_data: */
  /* Function, args 1, attr 0 */
  void (__cc_version2 Fridge_test)(uint8_t *);
    typedef unsigned char uint8_t;
Warning[w6]: Type conflict for external/entry "fridge_sampled_data", in module modem against external/entry in module fridge_data; function return types are different; different basic types
  /* In module modem: */
  /* K&R Function, args 0, attr 0 */
  int (__cc_version2 fridge_sampled_data)();
  /* In module fridge_data: */
  /* K&R Function, args 0, attr 0 */
  bool (__cc_version2 fridge_sampled_data)();
Warning[w6]: Type conflict for external/entry "sampled_fridge_response", in module main_system against external/entry in module fridge_data; function return types are different; different basic types
  /* In module main_system: */
  /* K&R Function, args 0, attr 0 */
  int (__cc_version2 sampled_fridge_response)();
  /* In module fridge_data: */
  /* K&R Function, args 0, attr 0 */
  void (__cc_version2 sampled_fridge_response)();
Warning[w6]: Type conflict for external/entry "actual_error", in module fridge_data against external/entry in module fridge_uart; function return types are different; different basic types
  /* In module fridge_data: */
  /* K&R Function, args 0, attr 0 */
  int (__cc_version2 actual_error)();
  /* In module fridge_uart: */
  /* K&R Function, args 0, attr 0 */
  void (__cc_version2 actual_error)();
Warning[w6]: Type conflict for external/entry "comp_runtime", in module fridge_data against external/entry in module fridge_uart; function return types are different; different basic types
  /* In module fridge_data: */
  /* K&R Function, args 0, attr 0 */
  int (__cc_version2 comp_runtime)();
  /* In module fridge_uart: */
  /* K&R Function, args 0, attr 0 */
  void (__cc_version2 comp_runtime)();
Warning[w6]: Type conflict for external/entry "compressor_speed", in module fridge_data against external/entry in module fridge_uart; function return types are different; different basic types
  /* In module fridge_data: */
  /* K&R Function, args 0, attr 0 */
  int (__cc_version2 compressor_speed)();
  /* In module fridge_uart: */
  /* K&R Function, args 0, attr 0 */
  void (__cc_version2 compressor_speed)();
Warning[w6]: Type conflict for external/entry "cut_in_level", in module fridge_data against external/entry in module fridge_uart; function return types are different; different basic types
  /* In module fridge_data: */
  /* K&R Function, args 0, attr 0 */
  int (__cc_version2 cut_in_level)();
  /* In module fridge_uart: */
  /* K&R Function, args 0, attr 0 */
  void (__cc_version2 cut_in_level)();
Warning[w6]: Type conflict for external/entry "cutout_level", in module fridge_data against external/entry in module fridge_uart; function return types are different; different basic types
  /* In module fridge_data: */
  /* K&R Function, args 0, attr 0 */
  int (__cc_version2 cutout_level)();
  /* In module fridge_uart: */
  /* K&R Function, args 0, attr 0 */
  void (__cc_version2 cutout_level)();
Warning[w6]: Type conflict for external/entry "fan_speed", in module fridge_data against external/entry in module fridge_uart; function return types are different; different basic types
  /* In module fridge_data: */
  /* K&R Function, args 0, attr 0 */
  int (__cc_version2 fan_speed)();
  /* In module fridge_uart: */
  /* K&R Function, args 0, attr 0 */
  void (__cc_version2 fan_speed)();
Warning[w6]: Type conflict for external/entry "pcb_temp", in module fridge_data against external/entry in module fridge_uart; function return types are different; different basic types
  /* In module fridge_data: */
  /* K&R Function, args 0, attr 0 */
  int (__cc_version2 pcb_temp)();
  /* In module fridge_uart: */
  /* K&R Function, args 0, attr 0 */
  void (__cc_version2 pcb_temp)();
Warning[w6]: Type conflict for external/entry "print_response", in module fridge_data against external/entry in module fridge_uart; function return types are different; different basic types
  /* In module fridge_data: */
  /* K&R Function, args 0, attr 0 */
  int (__cc_version2 print_response)();
  /* In module fridge_uart: */
  /* K&R Function, args 0, attr 0 */
  void (__cc_version2 print_response)();
Warning[w6]: Type conflict for external/entry "supply_voltage", in module fridge_data against external/entry in module fridge_uart; function return types are different; different basic types
  /* In module fridge_data: */
  /* K&R Function, args 0, attr 0 */
  int (__cc_version2 supply_voltage)();
  /* In module fridge_uart: */
  /* K&R Function, args 0, attr 0 */
  void (__cc_version2 supply_voltage)();
Warning[w6]: Type conflict for external/entry "voltage_scaling", in module fridge_data against external/entry in module fridge_uart; function return types are different; different basic types
  /* In module fridge_data: */
  /* K&R Function, args 0, attr 0 */
  int (__cc_version2 voltage_scaling)();
  /* In module fridge_uart: */
  /* K&R Function, args 0, attr 0 */
  void (__cc_version2 voltage_scaling)();
Warning[w6]: Type conflict for external/entry "atoi", in module sms against external/entry in module http; prototyped function vs K&R function
  /* In module sms: */
  /* K&R Function, args 0, attr 0 */
  int (__cc_version2 atoi)();
  /* In module http: */
  /* Function, args 1, attr 0 */
  int (__cc_version2 atoi)(char const *);
Warning[w6]: Type conflict for external/entry "i2c_read", in module temperature against external/entry in module i2c; prototyped function vs K&R function
  /* In module temperature: */
  /* K&R Function, args 0, attr 0 */
  int (__cc_version2 i2c_read)();
  /* In module i2c: */
  /* Function, args 4, attr 0 */
  void (__cc_version2 i2c_read)(uint8_t,
                                uint8_t,
                                uint8_t,
                                uint8_t *);
    typedef unsigned char uint8_t;
Warning[w6]: Type conflict for external/entry "check_internet", in module debug against external/entry in module modem; function return types are different; different basic types
  /* In module debug: */
  /* K&R Function, args 0, attr 0 */
  int (__cc_version2 check_internet)();
  /* In module modem: */
  /* K&R Function, args 0, attr 0 */
  unsigned char (__cc_version2 check_internet)();
Warning[w6]: Type conflict for external/entry "check_radio_signal", in module debug against external/entry in module modem; function return types are different; different basic types
  /* In module debug: */
  /* K&R Function, args 0, attr 0 */
  int (__cc_version2 check_radio_signal)();
  /* In module modem: */
  /* K&R Function, args 0, attr 0 */
  void (__cc_version2 check_radio_signal)();
Warning[w6]: Type conflict for external/entry "send_data", in module fridge_data against external/entry in module modem; prototyped function vs K&R function
  /* In module fridge_data: */
  /* K&R Function, args 0, attr 0 */
  unsigned char (__cc_version2 send_data)();
  /* In module modem: */
  /* Function, args 1, attr 0 */
  unsigned char (__cc_version2 send_data)(char *);
Warning[w6]: Type conflict for external/entry "atoi", in module sms against external/entry in module modem; prototyped function vs K&R function
  /* In module sms: */
  /* K&R Function, args 0, attr 0 */
  int (__cc_version2 atoi)();
  /* In module modem: */
  /* Function, args 1, attr 0 */
  int (__cc_version2 atoi)(char const *);
Warning[w6]: Type conflict for external/entry "send_cmd_wait", in module debug against external/entry in module modem_uart; prototyped function vs K&R function
  /* In module debug: */
  /* K&R Function, args 0, attr 0 */
  int (__cc_version2 send_cmd_wait)();
  /* In module modem_uart: */
  /* Function, args 4, attr 0 */
  char * (__cc_version2 send_cmd_wait)(char *,
                                       char *,
                                       unsigned char,
                                       unsigned char);
Warning[w6]: Type conflict for external/entry "check_for_OTA", in module events against external/entry in module ota; prototyped function vs K&R function
  /* In module events: */
  /* K&R Function, args 0, attr 0 */
  int (__cc_version2 check_for_OTA)();
  /* In module ota: */
  /* Function, args 0, attr 0 */
  void (__cc_version2 check_for_OTA)(void);
Warning[w6]: Type conflict for external/entry "append_data_in_buffer", in module events against external/entry in module packet_format; function return types are different; different basic types
  /* In module events: */
  /* K&R Function, args 0, attr 0 */
  int (__cc_version2 append_data_in_buffer)();
  /* In module packet_format: */
  /* K&R Function, args 0, attr 0 */
  void (__cc_version2 append_data_in_buffer)();
Warning[w6]: Type conflict for external/entry "device_ready_http", in module debug against external/entry in module packet_format; function return types are different; different basic types
  /* In module debug: */
  /* K&R Function, args 0, attr 0 */
  int (__cc_version2 device_ready_http)();
  /* In module packet_format: */
  /* K&R Function, args 0, attr 0 */
  uint8_t (__cc_version2 device_ready_http)();
    typedef unsigned char uint8_t;
Warning[w6]: Type conflict for external/entry "get_local_time", in module device_alarms against external/entry in module packet_format; function return types are different; different basic types
  /* In module device_alarms: */
  /* K&R Function, args 0, attr 0 */
  int (__cc_version2 get_local_time)();
  /* In module packet_format: */
  /* K&R Function, args 0, attr 0 */
  void (__cc_version2 get_local_time)();
Warning[w6]: Type conflict for external/entry "parse_input_value_for_sms", in module modem against external/entry in module packet_format; function return types are different; different basic types
  /* In module modem: */
  /* K&R Function, args 0, attr 0 */
  int (__cc_version2 parse_input_value_for_sms)();
  /* In module packet_format: */
  /* K&R Function, args 0, attr 0 */
  unsigned char (__cc_version2 parse_input_value_for_sms)();
Warning[w6]: Type conflict for external/entry "send_data_to_server", in module device_alarms against external/entry in module packet_format; prototyped function vs K&R function
  /* In module device_alarms: */
  /* K&R Function, args 0, attr 0 */
  int (__cc_version2 send_data_to_server)();
  /* In module packet_format: */
  /* Function, args 1, attr 0 */
  unsigned char (__cc_version2 send_data_to_server)(char *);
Warning[w6]: Type conflict for external/entry "PMM_trigBOR", in module temperature against external/entry in module pmm; prototyped function vs K&R function
  /* In module temperature: */
  /* K&R Function, args 0, attr 0 */
  int (__cc_version2 PMM_trigBOR)();
  /* In module pmm: */
  /* Function, args 0, attr 0 */
  void (__cc_version2 PMM_trigBOR)(void);
Warning[w6]: Type conflict for external/entry "PMM_trigBOR", in module debug against external/entry in module pmm; prototyped function vs K&R function
  /* In module debug: */
  /* K&R Function, args 0, attr 0 */
  int (__cc_version2 PMM_trigBOR)();
  /* In module pmm: */
  /* Function, args 0, attr 0 */
  void (__cc_version2 PMM_trigBOR)(void);
Warning[w6]: Type conflict for external/entry "dev_sms_cofig", in module events against external/entry in module sms; function return types are different; different basic types
  /* In module events: */
  /* K&R Function, args 0, attr 0 */
  int (__cc_version2 dev_sms_cofig)();
  /* In module sms: */
  /* K&R Function, args 0, attr 0 */
  void (__cc_version2 dev_sms_cofig)();
Warning[w6]: Type conflict for external/entry "gprs_config_dev", in module events against external/entry in module sms; function return types are different; different basic types
  /* In module events: */
  /* K&R Function, args 0, attr 0 */
  int (__cc_version2 gprs_config_dev)();
  /* In module sms: */
  /* K&R Function, args 0, attr 0 */
  uint8_t (__cc_version2 gprs_config_dev)();
    typedef unsigned char uint8_t;
Warning[w6]: Type conflict for external/entry "ota_sms", in module debug against external/entry in module sms; prototyped function vs K&R function
  /* In module debug: */
  /* K&R Function, args 0, attr 0 */
  int (__cc_version2 ota_sms)();
  /* In module sms: */
  /* Function, args 1, attr 0 */
  void (__cc_version2 ota_sms)(char *);
Warning[w6]: Type conflict for external/entry "extFlashPowerDown", in module modem against external/entry in module spi_flash; prototyped function vs K&R function
  /* In module modem: */
  /* K&R Function, args 0, attr 0 */
  int (__cc_version2 extFlashPowerDown)();
  /* In module spi_flash: */
  /* Function, args 0, attr 0 */
  void (__cc_version2 extFlashPowerDown)(void);
Warning[w6]: Type conflict for external/entry "state_alarm_reset_all", in module sms against external/entry in module state_machine; function return types are different; different basic types
  /* In module sms: */
  /* K&R Function, args 0, attr 0 */
  int (__cc_version2 state_alarm_reset_all)();
  /* In module state_machine: */
  /* K&R Function, args 0, attr 0 */
  void (__cc_version2 state_alarm_reset_all)();
Warning[w6]: Type conflict for external/entry "state_alarm_reset_all", in module debug against external/entry in module state_machine; function return types are different; different basic types
  /* In module debug: */
  /* K&R Function, args 0, attr 0 */
  int (__cc_version2 state_alarm_reset_all)();
  /* In module state_machine: */
  /* K&R Function, args 0, attr 0 */
  void (__cc_version2 state_alarm_reset_all)();
Warning[w6]: Type conflict for external/entry "state_check_disconn_flags", in module events against external/entry in module state_machine; function return types are different; different basic types
  /* In module events: */
  /* K&R Function, args 0, attr 0 */
  int (__cc_version2 state_check_disconn_flags)();
  /* In module state_machine: */
  /* K&R Function, args 0, attr 0 */
  void (__cc_version2 state_check_disconn_flags)();
Warning[w6]: Type conflict for external/entry "getFloatNumber2Text", in module sms against external/entry in module stringutils; prototyped function vs K&R function
  /* In module sms: */
  /* K&R Function, args 0, attr 0 */
  int (__cc_version2 getFloatNumber2Text)();
  /* In module stringutils: */
  /* Function, args 2, attr 0 */
  char * (__cc_version2 getFloatNumber2Text)(float,
                                             char *);
Warning[w6]: Type conflict for external/entry "getFloatNumber2Text", in module fridge_uart against external/entry in module stringutils; prototyped function vs K&R function
  /* In module fridge_uart: */
  /* K&R Function, args 0, attr 0 */
  int (__cc_version2 getFloatNumber2Text)();
  /* In module stringutils: */
  /* Function, args 2, attr 0 */
  char * (__cc_version2 getFloatNumber2Text)(float,
                                             char *);
Warning[w6]: Type conflict for external/entry "itoa_nopadding", in module sms against external/entry in module stringutils; prototyped function vs K&R function
  /* In module sms: */
  /* K&R Function, args 0, attr 0 */
  int (__cc_version2 itoa_nopadding)();
  /* In module stringutils: */
  /* Function, args 1, attr 0 */
  char * (__cc_version2 itoa_nopadding)(uint32_t);
    typedef unsigned long uint32_t;
Warning[w6]: Type conflict for external/entry "itoa_pad", in module sms against external/entry in module stringutils; prototyped function vs K&R function
  /* In module sms: */
  /* K&R Function, args 0, attr 0 */
  int (__cc_version2 itoa_pad)();
  /* In module stringutils: */
  /* Function, args 1, attr 0 */
  char * (__cc_version2 itoa_pad)(uint32_t);
    typedef unsigned long uint32_t;
Warning[w6]: Type conflict for external/entry "TI_MSPBoot_JumpToBoot", in module http against external/entry in module TI_MSPBoot_Mgr_Vectors_FR57xx; prototyped function vs K&R function
  /* In module http: */
  /* K&R Function, args 0, attr 0 */
  int (__cc_version2 TI_MSPBoot_JumpToBoot)();
  /* In module TI_MSPBoot_Mgr_Vectors_FR57xx: */
  /* Function, args 0, attr 0 */
  void (__cc_version2 TI_MSPBoot_JumpToBoot)(void);
Warning[w6]: Type conflict for external/entry "delay", in module battery against external/entry in module timer; prototyped function vs K&R function
  /* In module battery: */
  /* K&R Function, args 0, attr 0 */
  int (__cc_version2 delay)();
  /* In module timer: */
  /* Function, args 1, attr 0 */
  void (__cc_version2 delay)(uint32_t);
    typedef unsigned long uint32_t;
Warning[w6]: Type conflict for external/entry "epoch_seconds", in module rtc against external/entry in module timer; different basic types
  /* In module rtc: */
  uint32_t epoch_seconds;
    typedef unsigned long uint32_t;
  /* In module timer: */
  long epoch_seconds;
Warning[w6]: Type conflict for external/entry "atoi", in module sms against external/entry in module ?atoi; prototyped function vs K&R function
  /* In module sms: */
  /* K&R Function, args 0, attr 0 */
  int (__cc_version2 atoi)();
  /* In module ?atoi: */
  /* Function, args 1, attr 0 */
  int (__cc_version2 atoi)(char const *);
Warning[w6]: Type conflict for external/entry "memset", in module battery against external/entry in module ?memset; prototyped function vs K&R function
  /* In module battery: */
  /* K&R Function, args 0, attr 0 */
  int (__cc_version2 memset)();
  /* In module ?memset: */
  /* Function, args 3, attr 0 */
  void * (__cc_version2 memset)(void *,
                                int,
                                size_t);
    typedef _Sizet size_t;
    typedef unsigned int _Sizet;
################################################################################
#                                                                              #
#      IAR Universal Linker V6.4.6.89                                          #
#                                                                              #
#           Link time     =  21/Nov/2018  16:03:22                             #
#           Target CPU    =  MSP430                                            #
#           List file     =  E:\NLAU_FISM\NLAU_FISM_SDK_july20\tempsensor_v1\I #
#                            AR\Fism\List\coldtrace5.map                       #
#           Output file 1 =  E:\NLAU_FISM\NLAU_FISM_SDK_july20\tempsensor_v1\I #
#                            AR\Fism\Exe\gprs_config.TXT                       #
#                            Format: msp430_txt                                #
#           Output file 2 =  E:\NLAU_FISM\NLAU_FISM_SDK_july20\tempsensor_v1\I #
#                            AR\Fism\Exe\coldtrace5.d43                        #
#                            Format: ubrof10                                   #
#                            UBROF version 10.0.6                              #
#                            Using library modules for C-SPY (-rt)             #
#           Command line  =  E:\NLAU_FISM\NLAU_FISM_SDK_july20\tempsensor_v1\I #
#                            AR\Fism\Obj\adc12_b.r43                           #
#                            E:\NLAU_FISM\NLAU_FISM_SDK_july20\tempsensor_v1\I #
#                            AR\Fism\Obj\aes256.r43                            #
#                            E:\NLAU_FISM\NLAU_FISM_SDK_july20\tempsensor_v1\I #
#                            AR\Fism\Obj\alarms.r43                            #
#                            E:\NLAU_FISM\NLAU_FISM_SDK_july20\tempsensor_v1\I #
#                            AR\Fism\Obj\apn_config.r43                        #
#                            E:\NLAU_FISM\NLAU_FISM_SDK_july20\tempsensor_v1\I #
#                            AR\Fism\Obj\battery.r43                           #
#                            E:\NLAU_FISM\NLAU_FISM_SDK_july20\tempsensor_v1\I #
#                            AR\Fism\Obj\buzzer.r43                            #
#                            E:\NLAU_FISM\NLAU_FISM_SDK_july20\tempsensor_v1\I #
#                            AR\Fism\Obj\comp_e.r43                            #
#                            E:\NLAU_FISM\NLAU_FISM_SDK_july20\tempsensor_v1\I #
#                            AR\Fism\Obj\config.r43                            #
#                            E:\NLAU_FISM\NLAU_FISM_SDK_july20\tempsensor_v1\I #
#                            AR\Fism\Obj\config_profiles.r43                   #
#                            E:\NLAU_FISM\NLAU_FISM_SDK_july20\tempsensor_v1\I #
#                            AR\Fism\Obj\crc.r43                               #
#                            E:\NLAU_FISM\NLAU_FISM_SDK_july20\tempsensor_v1\I #
#                            AR\Fism\Obj\crc32.r43                             #
#                            E:\NLAU_FISM\NLAU_FISM_SDK_july20\tempsensor_v1\I #
#                            AR\Fism\Obj\cs.r43                                #
#                            E:\NLAU_FISM\NLAU_FISM_SDK_july20\tempsensor_v1\I #
#                            AR\Fism\Obj\data_transmit.r43                     #
#                            E:\NLAU_FISM\NLAU_FISM_SDK_july20\tempsensor_v1\I #
#                            AR\Fism\Obj\debug.r43                             #
#                            E:\NLAU_FISM\NLAU_FISM_SDK_july20\tempsensor_v1\I #
#                            AR\Fism\Obj\device_alarms.r43                     #
#                            E:\NLAU_FISM\NLAU_FISM_SDK_july20\tempsensor_v1\I #
#                            AR\Fism\Obj\dma.r43                               #
#                            E:\NLAU_FISM\NLAU_FISM_SDK_july20\tempsensor_v1\I #
#                            AR\Fism\Obj\encode.r43                            #
#                            E:\NLAU_FISM\NLAU_FISM_SDK_july20\tempsensor_v1\I #
#                            AR\Fism\Obj\esi.r43                               #
#                            E:\NLAU_FISM\NLAU_FISM_SDK_july20\tempsensor_v1\I #
#                            AR\Fism\Obj\eusci_a_spi.r43                       #
#                            E:\NLAU_FISM\NLAU_FISM_SDK_july20\tempsensor_v1\I #
#                            AR\Fism\Obj\eusci_a_uart.r43                      #
#                            E:\NLAU_FISM\NLAU_FISM_SDK_july20\tempsensor_v1\I #
#                            AR\Fism\Obj\eusci_b_i2c.r43                       #
#                            E:\NLAU_FISM\NLAU_FISM_SDK_july20\tempsensor_v1\I #
#                            AR\Fism\Obj\eusci_b_spi.r43                       #
#                            E:\NLAU_FISM\NLAU_FISM_SDK_july20\tempsensor_v1\I #
#                            AR\Fism\Obj\events.r43                            #
#                            E:\NLAU_FISM\NLAU_FISM_SDK_july20\tempsensor_v1\I #
#                            AR\Fism\Obj\fatdata.r43                           #
#                            E:\NLAU_FISM\NLAU_FISM_SDK_july20\tempsensor_v1\I #
#                            AR\Fism\Obj\FatFs_Lib.r43                         #
#                            E:\NLAU_FISM\NLAU_FISM_SDK_july20\tempsensor_v1\I #
#                            AR\Fism\Obj\file_system.r43                       #
#                            E:\NLAU_FISM\NLAU_FISM_SDK_july20\tempsensor_v1\I #
#                            AR\Fism\Obj\framctl.r43                           #
#                            E:\NLAU_FISM\NLAU_FISM_SDK_july20\tempsensor_v1\I #
#                            AR\Fism\Obj\fridge_data.r43                       #
#                            E:\NLAU_FISM\NLAU_FISM_SDK_july20\tempsensor_v1\I #
#                            AR\Fism\Obj\fridge_uart.r43                       #
#                            E:\NLAU_FISM\NLAU_FISM_SDK_july20\tempsensor_v1\I #
#                            AR\Fism\Obj\globals.r43                           #
#                            E:\NLAU_FISM\NLAU_FISM_SDK_july20\tempsensor_v1\I #
#                            AR\Fism\Obj\gpio.r43                              #
#                            E:\NLAU_FISM\NLAU_FISM_SDK_july20\tempsensor_v1\I #
#                            AR\Fism\Obj\hardware_buttons.r43                  #
#                            E:\NLAU_FISM\NLAU_FISM_SDK_july20\tempsensor_v1\I #
#                            AR\Fism\Obj\http.r43                              #
#                            E:\NLAU_FISM\NLAU_FISM_SDK_july20\tempsensor_v1\I #
#                            AR\Fism\Obj\i2c.r43                               #
#                            E:\NLAU_FISM\NLAU_FISM_SDK_july20\tempsensor_v1\I #
#                            AR\Fism\Obj\json.r43                              #
#                            E:\NLAU_FISM\NLAU_FISM_SDK_july20\tempsensor_v1\I #
#                            AR\Fism\Obj\jsonAPIs.r43                          #
#                            E:\NLAU_FISM\NLAU_FISM_SDK_july20\tempsensor_v1\I #
#                            AR\Fism\Obj\lcd.r43                               #
#                            E:\NLAU_FISM\NLAU_FISM_SDK_july20\tempsensor_v1\I #
#                            AR\Fism\Obj\lcd_c.r43                             #
#                            E:\NLAU_FISM\NLAU_FISM_SDK_july20\tempsensor_v1\I #
#                            AR\Fism\Obj\main_system.r43                       #
#                            E:\NLAU_FISM\NLAU_FISM_SDK_july20\tempsensor_v1\I #
#                            AR\Fism\Obj\minIni.r43                            #
#                            E:\NLAU_FISM\NLAU_FISM_SDK_july20\tempsensor_v1\I #
#                            AR\Fism\Obj\modem.r43                             #
#                            E:\NLAU_FISM\NLAU_FISM_SDK_july20\tempsensor_v1\I #
#                            AR\Fism\Obj\modem_uart.r43                        #
#                            E:\NLAU_FISM\NLAU_FISM_SDK_july20\tempsensor_v1\I #
#                            AR\Fism\Obj\mpu.r43                               #
#                            E:\NLAU_FISM\NLAU_FISM_SDK_july20\tempsensor_v1\I #
#                            AR\Fism\Obj\mpy32.r43                             #
#                            E:\NLAU_FISM\NLAU_FISM_SDK_july20\tempsensor_v1\I #
#                            AR\Fism\Obj\ota.r43                               #
#                            E:\NLAU_FISM\NLAU_FISM_SDK_july20\tempsensor_v1\I #
#                            AR\Fism\Obj\packet_format.r43                     #
#                            E:\NLAU_FISM\NLAU_FISM_SDK_july20\tempsensor_v1\I #
#                            AR\Fism\Obj\pmm.r43                               #
#                            E:\NLAU_FISM\NLAU_FISM_SDK_july20\tempsensor_v1\I #
#                            AR\Fism\Obj\ram.r43                               #
#                            E:\NLAU_FISM\NLAU_FISM_SDK_july20\tempsensor_v1\I #
#                            AR\Fism\Obj\ref_a.r43                             #
#                            E:\NLAU_FISM\NLAU_FISM_SDK_july20\tempsensor_v1\I #
#                            AR\Fism\Obj\rtc.r43                               #
#                            E:\NLAU_FISM\NLAU_FISM_SDK_july20\tempsensor_v1\I #
#                            AR\Fism\Obj\rtc_b.r43                             #
#                            E:\NLAU_FISM\NLAU_FISM_SDK_july20\tempsensor_v1\I #
#                            AR\Fism\Obj\rtc_c.r43                             #
#                            E:\NLAU_FISM\NLAU_FISM_SDK_july20\tempsensor_v1\I #
#                            AR\Fism\Obj\sfr.r43                               #
#                            E:\NLAU_FISM\NLAU_FISM_SDK_july20\tempsensor_v1\I #
#                            AR\Fism\Obj\sms.r43                               #
#                            E:\NLAU_FISM\NLAU_FISM_SDK_july20\tempsensor_v1\I #
#                            AR\Fism\Obj\spi_flash.r43                         #
#                            E:\NLAU_FISM\NLAU_FISM_SDK_july20\tempsensor_v1\I #
#                            AR\Fism\Obj\state_machine.r43                     #
#                            E:\NLAU_FISM\NLAU_FISM_SDK_july20\tempsensor_v1\I #
#                            AR\Fism\Obj\stringutils.r43                       #
#                            E:\NLAU_FISM\NLAU_FISM_SDK_july20\tempsensor_v1\I #
#                            AR\Fism\Obj\sysctl.r43                            #
#                            E:\NLAU_FISM\NLAU_FISM_SDK_july20\tempsensor_v1\I #
#                            AR\Fism\Obj\temperature.r43                       #
#                            E:\NLAU_FISM\NLAU_FISM_SDK_july20\tempsensor_v1\I #
#                            AR\Fism\Obj\test.r43                              #
#                            E:\NLAU_FISM\NLAU_FISM_SDK_july20\tempsensor_v1\I #
#                            AR\Fism\Obj\thermalcanyon.r43                     #
#                            E:\NLAU_FISM\NLAU_FISM_SDK_july20\tempsensor_v1\I #
#                            AR\Fism\Obj\TI_MSPBoot_Mgr_Vectors_FR57xx.r43     #
#                            E:\NLAU_FISM\NLAU_FISM_SDK_july20\tempsensor_v1\I #
#                            AR\Fism\Obj\TI_MSPBoot_VecRed_FR5969.r43          #
#                            E:\NLAU_FISM\NLAU_FISM_SDK_july20\tempsensor_v1\I #
#                            AR\Fism\Obj\timer.r43                             #
#                            E:\NLAU_FISM\NLAU_FISM_SDK_july20\tempsensor_v1\I #
#                            AR\Fism\Obj\timer_a.r43                           #
#                            E:\NLAU_FISM\NLAU_FISM_SDK_july20\tempsensor_v1\I #
#                            AR\Fism\Obj\timer_b.r43                           #
#                            E:\NLAU_FISM\NLAU_FISM_SDK_july20\tempsensor_v1\I #
#                            AR\Fism\Obj\tlv.r43                               #
#                            E:\NLAU_FISM\NLAU_FISM_SDK_july20\tempsensor_v1\I #
#                            AR\Fism\Obj\watchdog.r43                          #
#                            E:\NLAU_FISM\NLAU_FISM_SDK_july20\tempsensor_v1\I #
#                            AR\Fism\Obj\wdt_a.r43                             #
#                            -o                                                #
#                            E:\NLAU_FISM\NLAU_FISM_SDK_july20\tempsensor_v1\I #
#                            AR\Fism\Exe\coldtrace5.d43                        #
#                            -l                                                #
#                            E:\NLAU_FISM\NLAU_FISM_SDK_july20\tempsensor_v1\I #
#                            AR\Fism\List\coldtrace5.map                       #
#                            -xmsn                                             #
#                            "-IC:\Program Files (x86)\IAR Systems\Embedded Wo #
#                            rkbench 7.4\430\LIB\"                             #
#                            -f                                                #
#                            E:\NLAU_FISM\NLAU_FISM_SDK_july20\tempsensor_v1\I #
#                            AR\lnk430fr5994_app.xcl                           #
#                            (-D_FRAM_INFO_START=1800 -D_FRAM_INFO_END=19FF    #
#                            -D_FRAM_INFOD_START=1800 -D_FRAM_INFOD_END=187F   #
#                            -D_FRAM_INFOC_START=1880 -D_FRAM_INFOC_END=18FF   #
#                            -D_FRAM_INFOB_START=1900 -D_FRAM_INFOB_END=197F   #
#                            -D_FRAM_INFOA_START=1980 -D_FRAM_INFOA_END=19FF   #
#                            -D_FRAM_MAIN_START=4000 -D_FRAM_MAIN_END=FFFF     #
#                            -D_FRAM_SIG_START=FF80 -D_FRAM_SIG_END=FF8F       #
#                            -D_FRAM_JTAGSIG_START=FF80                        #
#                            -D_FRAM_JTAGSIG_END=FF83                          #
#                            -D_FRAM_BSLSIG_START=FF84                         #
#                            -D_FRAM_BSLSIG_END=FF87                           #
#                            -D_FRAM_IPESIG_START=FF88                         #
#                            -D_FRAM_IPESIG_END=FF8E                           #
#                            -D_FRAM_VECTORS_START=FF90                        #
#                            -D_FRAM_RESET_VECTOR=FFFE                         #
#                            -D_FRAM_HIGH_START=10000 -D_FRAM_HIGH_END=42FFF   #
#                            -D_RAM_START=1C00 -D_RAM_END=2BFF                 #
#                            -D_BOOT_Start=C200 -D_BOOT_End=FF7F               #
#                            -D_DELAY_VECTOR=FF18 -D_DELAY_VECTOR_END=FF1B     #
#                            -D_I2C_VECTOR=FF48 -D_I2C_VECTOR_END=FF4F         #
#                            -D_LCD_VECTOR=FF1C -D_LCD_VECTOR_END=FF47         #
#                            -D_FATFS_VECTOR=FF50 -D_BOOT_Info_Start=1800      #
#                            -D_BOOT_Info_End=19FF -D_App_Info_Start=19FF      #
#                            -D_App_Info_End=19FF -D_UserSpace_Start=4000      #
#                            -D_UserSpace_End=53FF -D_AppChecksum=5400         #
#                            -D_AppUpdate_Password_Addr=5402                   #
#                            -D_AppUpdate_Status_Addr=5404                     #
#                            -D_App_Main_Start=5405 -D_App_Main_End=C0FF       #
#                            -D_App_Reset_Vector=C0FE                          #
#                            -D_App_Proxy_Vector_Start=C06A                    #
#                            -D_App_Proxy_Vector_End=C0FD                      #
#                            -D_App_High_Start=10000                           #
#                            -D_App_High_Const_Start=10040                     #
#                            -D_App_High_End=42FFF -D_CRC_Main_Size=6FFB       #
#                            -D_CRC_High_Size=34000 -D_BOOT_RAM_START=1C00     #
#                            -D_BOOT_RAM_END=2131 -D_SHARED_RAM_START=2132     #
#                            -D_SHARED_RAM_END=2BFF -cmsp430                   #
#                            -QCODE_I=CODE_ID -QTLS16_I=TLS16_ID               #
#                            -D__iar_HWMUL=4C0 -Z(DATA)TINYRAM=000A-001F       #
#                            -Z(DATA)LEARAM=2C00-3AC7                          #
#                            -Z(DATA)LEASTACK=3AC8-3BFF                        #
#                            -Z(DATA)DATA16_I,DATA16_Z,DATA16_N,TLS16_I=2132-2 #
#                            BFF                                               #
#                            -Z(DATA)DATA16_HEAP+_DATA16_HEAP_SIZE             #
#                            -Z(DATA)DATA20_HEAP+_DATA20_HEAP_SIZE             #
#                            -Z(DATA)CODE_I                                    #
#                            -Z(DATA)DATA20_I,DATA20_Z,DATA20_N                #
#                            -Z(CONST)CHECKSUM=5400                            #
#                            -Z(CONST)DATA16_P,DATA20_P=5405-C0FF              #
#                            -Z(CONST)MPU_B1 -Z(CONST)IPE_B1=5405-C0FF         #
#                            -Z(DATA)IPEDATA16_N -Z(CODE)IPECODE16             #
#                            -Z(CONST)IPEDATA16_C,IPE_B2 -Z(CONST)MPU_B2       #
#                            -Z(CONST)DATA16_C,DATA16_ID,TLS16_ID,DIFUNCT=5405 #
#                            -C0FF                                             #
#                            -Z(CODE)CSTART,ISR_CODE,CODE16=5405-C0FF          #
#                            -Z(CODE)APP_PROXY_VECTORS#C0FD                    #
#                            -Z(CODE)INTVEC=C06A-C0FD                          #
#                            -Z(CODE)RESET=C0FE-C0FF                           #
#                            -P(CODE)CALIBRATION,STATE_MACHINE=4000-53FF       #
#                            -P(CODE)AGGREGATE,XBIGDATA,CONFIGURATION=4000-53F #
#                            F                                                 #
#                            -Z(DATA)CSTACK+_STACK_SIZE#                       #
#                            -P(CODE)LOW_MEM=5405-C0FF                         #
#                            -P(CODE)CODE=5405-C0FF,10000-42FFF                #
#                            -Z(CODE)CODE_PAD -P(CODE)HIGH_MEM=10000-42FFF     #
#                            -Z(CONST)DATA20_C,DATA20_ID,CODE_ID=5405-C0FF,100 #
#                            40-42FFF                                          #
#                            -Z(CONST)SIGNATURE=FF80-FF8F                      #
#                            -Z(CONST)JTAGSIGNATURE=FF80-FF83                  #
#                            -Z(CONST)BSLSIGNATURE=FF84-FF87                   #
#                            -Z(CONST)IPESIGNATURE=FF88-FF8E) -f               #
#                            "C:\Program Files (x86)\IAR Systems\Embedded Work #
#                            bench 7.4\430\config\linker\multiplier32.xcl"     #
#                            (-e?Mul8Hw=?Mul8 -e?Mul16Hw=?Mul16                #
#                            -e?Mul16to32uHw=?Mul16to32u                       #
#                            -e?Mul16to32sHw=?Mul16to32s -e?Mul32Hw32=?Mul32   #
#                            -e?Mul64Hw32=_Mul64i                              #
#                            -e?Mul32u32uto64iHw32=_Mul32u32uto64i             #
#                            -e?Mul32fHw32=_Mul32f                             #
#                            -e_Mul64fHw32Ptr=_Mul64fPtr) -D_STACK_SIZE=A0     #
#                            -rt                                               #
#                            "C:\Program Files (x86)\IAR Systems\Embedded Work #
#                            bench 7.4\430\lib\dlib\dl430xlmff.r43"            #
#                            -e_PrintfFull=_Printf -e_ScanfFullNoMb=_Scanf     #
#                            -D_DATA16_HEAP_SIZE=A0                            #
#                            -Omsp430_txt=E:\NLAU_FISM\NLAU_FISM_SDK_july20\te #
#                            mpsensor_v1\IAR\Fism\Exe\gprs_config.TXT          #
#                            -s __program_start -D_DATA20_HEAP_SIZE=50         #
#                            "C:\Program Files (x86)\IAR Systems\Embedded Work #
#                            bench 7.4\430\lib\MathLib\MSPMATHLIB_IAR_msp430_C #
#                            PUX_large_code_medium_data.lib"                   #
#                            -f                                                #
#                            "C:\Program Files (x86)\IAR Systems\Embedded Work #
#                            bench 7.4\430\config\linker\mathlib32.xcl"        #
#                            (-eacosf=acos -eacosf=acosl -easinf=asin          #
#                            -easinf=asinl -eatan2f=atan2 -eatan2f=atan2l      #
#                            -eatanf=atan -eatanf=atanl -ecosf=cos             #
#                            -ecosf=cosl -eexpf=exp -eexpf=expl -efabsf=fabs   #
#                            -efabsf=fabsl -efmodf=fmod -efmodf=fmodl          #
#                            -elogf=log -elogf=logl -esinf=sin -esinf=sinl     #
#                            -e__iar_Sin_MathLib=__iar_Sin -esqrtf=sqrt        #
#                            -esqrtf=sqrtl -etanf=tan -etanf=tanl)             #
#                                                                              #
#                           Copyright (C) 1987-2016 IAR Systems AB.            #
################################################################################





                ****************************************
                *                                      *
                *           CROSS REFERENCE            *
                *                                      *
                ****************************************

       Program entry at :           7002  Relocatable, from module : ?cstart




                ****************************************
                *                                      *
                *            RUNTIME MODEL             *
                *                                      *
                ****************************************

  __Heap_Handler             = Basic
  __SystemLibrary            = DLib
  __code_model               = large
  __core                     = 430X
  __data_model               = medium
  __dlib_file_descriptor     = 1
  __dlib_full_locale_support = 1
  __double_size              = 32
  __pic                      = no
  __reg_r4                   = free
  __reg_r5                   = free
  __rt_version               = 3

                ****************************************
                *                                      *
                *    AUTOMATIC SYMBOL REDIRECTIONS     *
                *                                      *
                ****************************************

                  There are no automatic symbol redirections.



                ****************************************
                *                                      *
                *              MODULE MAP              *
                *                                      *
                ****************************************


  DEFINED ABSOLUTE ENTRIES
    *************************************************************************

  DEFINED ABSOLUTE ENTRIES
  PROGRAM MODULE, NAME : ?ABS_ENTRY_MOD

Absolute parts
           ENTRY                   ADDRESS         REF BY
           =====                   =======         ======
           _DATA20_HEAP_SIZE       0050 
           _DATA16_HEAP_SIZE       00A0 
           _STACK_SIZE             00A0 
           __iar_HWMUL             04C0            ?Mul16to32sHw (?Mul16to32sHw)
                                                   ?Mul32Hw32 (?Mul32Hw32)
                                                   ?Mul32fHw32 (?Mul32fHw32)
                                                   Segment part 1 (?Mul8Hw)
                                                   itoa (spi_flash)
           _SHARED_RAM_END         2BFF 
           _SHARED_RAM_START       2132 
           _BOOT_RAM_END           2131 
           _BOOT_RAM_START         1C00 
           _CRC_High_Size          00034000 
           _CRC_Main_Size          6FFB 
           _App_High_End           00042FFF 
           _App_High_Const_Start   00010040 
           _App_High_Start         00010000 
           _App_Proxy_Vector_End   C0FD 
           _App_Proxy_Vector_Start
                                   C06A 
           _App_Reset_Vector       C0FE            ProxyVectorTable (TI_MSPBoot_VecRed_FR5969)
           _App_Main_End           C0FF 
           _App_Main_Start         5405 
           _AppUpdate_Status_Addr
                                   5404 
           _AppUpdate_Password_Addr
                                   5402 
           _AppChecksum            5400 
           _UserSpace_End          53FF 
           _UserSpace_Start        4000 
           _App_Info_End           19FF 
           _App_Info_Start         19FF 
           _BOOT_Info_End          19FF 
           _BOOT_Info_Start        1800 
           _FATFS_VECTOR           FF50 
           _LCD_VECTOR_END         FF47 
           _LCD_VECTOR             FF1C            lcd_setaddr (lcd)
                                                   lcd_show (lcd)
           _I2C_VECTOR_END         FF4F 
           _I2C_VECTOR             FF48            i2c_read (i2c)
                                                   i2c_write (i2c)
           _DELAY_VECTOR_END       FF1B 
           _DELAY_VECTOR           FF18            delay (timer)
           _BOOT_End               FF7F 
           _BOOT_Start             C200 
           _RAM_END                2BFF 
           _RAM_START              1C00 
           _FRAM_HIGH_END          00042FFF 
           _FRAM_HIGH_START        00010000 
           _FRAM_RESET_VECTOR      FFFE 
           _FRAM_VECTORS_START     FF90 
           _FRAM_IPESIG_END        FF8E 
           _FRAM_IPESIG_START      FF88 
           _FRAM_BSLSIG_END        FF87 
           _FRAM_BSLSIG_START      FF84 
           _FRAM_JTAGSIG_END       FF83 
           _FRAM_JTAGSIG_START     FF80 
           _FRAM_SIG_END           FF8F 
           _FRAM_SIG_START         FF80 
           _FRAM_MAIN_END          FFFF 
           _FRAM_MAIN_START        4000 
           _FRAM_INFOA_END         19FF 
           _FRAM_INFOA_START       1980 
           _FRAM_INFOB_END         197F 
           _FRAM_INFOB_START       1900 
           _FRAM_INFOC_END         18FF 
           _FRAM_INFOC_START       1880 
           _FRAM_INFOD_END         187F 
           _FRAM_INFOD_START       1800 
           _FRAM_INFO_END          19FF 
           _FRAM_INFO_START        1800 
    *************************************************************************

  FILE NAME : E:\NLAU_FISM\NLAU_FISM_SDK_july20\tempsensor_v1\IAR\Fism\Obj\adc12_b.r43
    *************************************************************************

  FILE NAME : E:\NLAU_FISM\NLAU_FISM_SDK_july20\tempsensor_v1\IAR\Fism\Obj\aes256.r43
    *************************************************************************

  FILE NAME : E:\NLAU_FISM\NLAU_FISM_SDK_july20\tempsensor_v1\IAR\Fism\Obj\alarms.r43
  PROGRAM MODULE, NAME : alarms

  SEGMENTS IN THE MODULE
  ======================
<CODE,LOW_MEM> 1 (was CODE)
  Relative segment, address: B33C - B4BF (0x184 bytes), align: 1
  Segment part 13.            Intra module refs:   alarm_test_sensor
           ENTRY                   ADDRESS         REF BY
           =====                   =======         ======
           alarm_sms               B33C            ?Subroutine27 (modem)
                                                   check_for_OTA (ota)
                                                   state_battery_level (state_machine)
               calls direct
    -------------------------------------------------------------------------
<CODE> 1 (was CODE)
  Relative segment, address: 0001413A - 00014143 (0xa bytes), align: 1
  Segment part 14.
           ENTRY                   ADDRESS         REF BY
           =====                   =======         ======
           getAlarmsSensor         0001413A        i2c_temperature (temperature)
                                                   state_check_disconn_flags (state_machine)
                                                   temperature_subsampling_calculate (temperature)
    -------------------------------------------------------------------------
<CODE,LOW_MEM> 1 (was CODE)
  Relative segment, address: B1B6 - B33B (0x186 bytes), align: 1
  Segment part 15.            Intra module refs:   alarm_monitor
           ENTRY                   ADDRESS         REF BY
           =====                   =======         ======
           alarm_test_sensor       B1B6 
               calls direct
    -------------------------------------------------------------------------
<CODE> 1 (was CODE)
  Relative segment, address: 00013802 - 00013819 (0x18 bytes), align: 1
  Segment part 16.
           ENTRY                   ADDRESS         REF BY
           =====                   =======         ======
           alarm_monitor           00013802        events_health_check (events)
               calls direct
    -------------------------------------------------------------------------
DATA16_C
  Relative segment, address: 544E - 5455 (0x8 bytes), align: 0
  Segment part 2.             Intra module refs:   alarm_sms
    -------------------------------------------------------------------------
DATA16_C
  Relative segment, address: 5456 - 545C (0x7 bytes), align: 0
  Segment part 3.             Intra module refs:   alarm_sms
    -------------------------------------------------------------------------
DATA16_C
  Relative segment, address: 545D - 5464 (0x8 bytes), align: 0
  Segment part 4.             Intra module refs:   alarm_sms
    -------------------------------------------------------------------------
DATA16_C
  Relative segment, address: 5465 - 547D (0x19 bytes), align: 0
  Segment part 5.             Intra module refs:   alarm_sms
    -------------------------------------------------------------------------
DATA16_C
  Relative segment, address: 547E - 54B3 (0x36 bytes), align: 0
  Segment part 6.             Intra module refs:   alarm_sms
    -------------------------------------------------------------------------
DATA16_C
  Relative segment, address: 54B4 - 54E8 (0x35 bytes), align: 0
  Segment part 7.             Intra module refs:   alarm_sms
    -------------------------------------------------------------------------
DATA16_C
  Relative segment, address: 54E9 - 54F8 (0x10 bytes), align: 0
  Segment part 8.             Intra module refs:   alarm_sms
    -------------------------------------------------------------------------
DATA16_C
  Relative segment, address: 54F9 - 5510 (0x18 bytes), align: 0
  Segment part 9.             Intra module refs:   alarm_sms
    -------------------------------------------------------------------------
DATA16_C
  Relative segment, address: 5511 - 551F (0xf bytes), align: 0
  Segment part 10.            Intra module refs:   alarm_sms

    *************************************************************************

  FILE NAME : E:\NLAU_FISM\NLAU_FISM_SDK_july20\tempsensor_v1\IAR\Fism\Obj\apn_config.r43
  PROGRAM MODULE, NAME : apn_config

  SEGMENTS IN THE MODULE
  ======================
<CODE,LOW_MEM> 1 (was CODE)
  Relative segment, address: BCF4 - BE33 (0x140 bytes), align: 1
  Segment part 85.
           ENTRY                   ADDRESS         REF BY
           =====                   =======         ======
           read_apn                BCF4            parse_base_station_info (modem)
               calls direct
    -------------------------------------------------------------------------
<CODE> 1 (was CODE)
  Relative segment, address: 00014092 - 0001409D (0xc bytes), align: 1
  Segment part 86.            Intra module refs:   read_apn
           LOCAL                   ADDRESS         
           =====                   =======         
           ?Subroutine2            00014092 
    -------------------------------------------------------------------------
DATA16_C
  Relative segment, address: 5520 - 5524 (0x5 bytes), align: 0
  Segment part 28.            Intra module refs:   read_apn
    -------------------------------------------------------------------------
DATA16_C
  Relative segment, address: 5525 - 5550 (0x2c bytes), align: 0
  Segment part 29.            Intra module refs:   read_apn

    *************************************************************************

  FILE NAME : E:\NLAU_FISM\NLAU_FISM_SDK_july20\tempsensor_v1\IAR\Fism\Obj\battery.r43
  PROGRAM MODULE, NAME : battery

  SEGMENTS IN THE MODULE
  ======================
DATA16_AN
  Relative segment, address: 0812 - 0813 (0x2 bytes), align: 0
  Segment part 1. ROOT        Intra module refs:   ADC12_ISR (temperature)
                                                   temperature_analog_to_digital_conversion (temperature)
           ENTRY                   ADDRESS         REF BY
           =====                   =======         ======
           _A_ADC12IER0_L          0812 
           LOCAL                   ADDRESS         
           =====                   =======         
           ADC12IER0               0812 
           ADC12IER0_H             0813 
           ADC12IER0_L             0812 
    -------------------------------------------------------------------------
DATA16_AN
  Relative segment, address: 0202 - 0203 (0x2 bytes), align: 0
  Segment part 2. ROOT        Intra module refs:   check_batt_state
                                                   gsm_init (modem)
                                                   led_blink (rtc)
                                                   uart_setupIO (modem_uart)
           ENTRY                   ADDRESS         REF BY
           =====                   =======         ======
           _A_PAOUT_L              0202 
           LOCAL                   ADDRESS         
           =====                   =======         
           PAOUT                   0202 
           PAOUT_H                 0203 
           PAOUT_L                 0202 
    -------------------------------------------------------------------------
DATA16_AN
  Relative segment, address: 0222 - 0223 (0x2 bytes), align: 0
  Segment part 3. ROOT        Intra module refs:   check_batt_state
                                                   gsm_exit_sleep (modem)
                                                   gsm_init (modem)
                                                   led_blink (rtc)
                                                   modem_turn_off (main_system)
                                                   modem_turn_on (main_system)
                                                   setup_IO (main_system)
           ENTRY                   ADDRESS         REF BY
           =====                   =======         ======
           _A_PBOUT_L              0222 
           LOCAL                   ADDRESS         
           =====                   =======         
           PBOUT                   0222 
           PBOUT_H                 0223 
           PBOUT_L                 0222 
    -------------------------------------------------------------------------
DATA16_AN
  Relative segment, address: 0260 - 0261 (0x2 bytes), align: 0
  Segment part 4. ROOT        Intra module refs:   led_blink (rtc)
           ENTRY                   ADDRESS         REF BY
           =====                   =======         ======
           _A_PDIN_L               0260 
           LOCAL                   ADDRESS         
           =====                   =======         
           PDIN                    0260 
           PDIN_H                  0261 
           PDIN_L                  0260 
    -------------------------------------------------------------------------
DATA16_AN
  Relative segment, address: 015C - 015D (0x2 bytes), align: 0
  Segment part 5. ROOT        Intra module refs:   check_batt_state
                                                   main (main_system)
                                                   ota_process (ota)
                                                   watchdog_disable (watchdog)
           ENTRY                   ADDRESS         REF BY
           =====                   =======         ======
           _A_WDTCTL_L             015C 
           LOCAL                   ADDRESS         
           =====                   =======         
           WDTCTL                  015C 
           WDTCTL_H                015D 
           WDTCTL_L                015C 
    -------------------------------------------------------------------------
<CODE> 1 (was CODE)
  Relative segment, address: 00012026 - 0001209D (0x78 bytes), align: 1
  Segment part 18.            Intra module refs:   check_batt_state
           ENTRY                   ADDRESS         REF BY
           =====                   =======         ======
           batt_getlevel           00012026        ?Subroutine3 (lcd)
                                                   append_data_in_buffer (packet_format)
                                                   check_battery_alarm (device_alarms)
                                                   check_for_OTA (ota)
                                                   events_health_check (events)
                                                   parse_diag_command (debug)
               calls direct
    -------------------------------------------------------------------------
<CODE> 1 (was CODE)
  Relative segment, address: 000142F2 - 000142F9 (0x8 bytes), align: 1
  Segment part 19.            Intra module refs:   batt_current
                                                   batt_getlevel
                                                   batt_voltage
           LOCAL                   ADDRESS         
           =====                   =======         
           ?Subroutine0            000142F2 
    -------------------------------------------------------------------------
<CODE> 1 (was CODE)
  Relative segment, address: 0001274A - 0001279F (0x56 bytes), align: 1
  Segment part 20.
           ENTRY                   ADDRESS         REF BY
           =====                   =======         ======
           check_batt_state        0001274A        events_health_check (events)
               calls direct
    -------------------------------------------------------------------------
<CODE> 1 (was CODE)
  Relative segment, address: 000132EE - 00013317 (0x2a bytes), align: 1
  Segment part 23.
           ENTRY                   ADDRESS         REF BY
           =====                   =======         ======
           batt_voltage            000132EE        check_battery_alarm (device_alarms)
               calls direct
    -------------------------------------------------------------------------
<CODE> 1 (was CODE)
  Relative segment, address: 00012BD0 - 00012C13 (0x44 bytes), align: 1
  Segment part 17.            Intra module refs:   batt_getlevel
                                                   check_batt_state
           ENTRY                   ADDRESS         REF BY
           =====                   =======         ======
           batt_current            00012BD0        check_battery_alarm (device_alarms)
               calls direct
    -------------------------------------------------------------------------
DATA16_C
  Relative segment, address: 5551 - 5557 (0x7 bytes), align: 0
  Segment part 7.             Intra module refs:   batt_getlevel
    -------------------------------------------------------------------------
DATA16_C
  Relative segment, address: 5558 - 555A (0x3 bytes), align: 0
  Segment part 8.             Intra module refs:   batt_getlevel
    -------------------------------------------------------------------------
DATA16_C
  Relative segment, address: 555B - 5570 (0x16 bytes), align: 0
  Segment part 9.             Intra module refs:   check_batt_state
    -------------------------------------------------------------------------
DATA16_C
  Relative segment, address: 5571 - 5586 (0x16 bytes), align: 0
  Segment part 10.            Intra module refs:   check_batt_state
    -------------------------------------------------------------------------
DATA16_C
  Relative segment, address: 5587 - 559C (0x16 bytes), align: 0
  Segment part 15.            Intra module refs:   batt_current
    -------------------------------------------------------------------------
DATA16_C
  Relative segment, address: 559D - 55AE (0x12 bytes), align: 0
  Segment part 16.            Intra module refs:   batt_current

    *************************************************************************

  FILE NAME : E:\NLAU_FISM\NLAU_FISM_SDK_july20\tempsensor_v1\IAR\Fism\Obj\buzzer.r43
  PROGRAM MODULE, NAME : buzzer

  SEGMENTS IN THE MODULE
  ======================
DATA16_AN
  Relative segment, address: 0400 - 0401 (0x2 bytes), align: 0
  Segment part 2. ROOT 
           ENTRY                   ADDRESS         REF BY
           =====                   =======         ======
           _A_TA2CTL_L             0400 
           LOCAL                   ADDRESS         
           =====                   =======         
           TA2CTL                  0400 
           TA2CTL_H                0401 
           TA2CTL_L                0400 
    -------------------------------------------------------------------------
DATA16_AN
  Relative segment, address: 0402 - 0403 (0x2 bytes), align: 0
  Segment part 3. ROOT 
           ENTRY                   ADDRESS         REF BY
           =====                   =======         ======
           _A_TA2CCTL0_L           0402 
           LOCAL                   ADDRESS         
           =====                   =======         
           TA2CCTL0                0402 
           TA2CCTL0_H              0403 
           TA2CCTL0_L              0402 
    -------------------------------------------------------------------------
DATA16_AN
  Relative segment, address: 0412 - 0413 (0x2 bytes), align: 0
  Segment part 4. ROOT 
           ENTRY                   ADDRESS         REF BY
           =====                   =======         ======
           _A_TA2CCR0_L            0412 
           LOCAL                   ADDRESS         
           =====                   =======         
           TA2CCR0                 0412 
           TA2CCR0_H               0413 
           TA2CCR0_L               0412 

    *************************************************************************

  FILE NAME : E:\NLAU_FISM\NLAU_FISM_SDK_july20\tempsensor_v1\IAR\Fism\Obj\comp_e.r43
    *************************************************************************

  FILE NAME : E:\NLAU_FISM\NLAU_FISM_SDK_july20\tempsensor_v1\IAR\Fism\Obj\config.r43
  PROGRAM MODULE, NAME : config

  SEGMENTS IN THE MODULE
  ======================
DATA16_I
  Relative segment, address: 2174 - 2174 (0x1 bytes), align: 0
  Segment part 47.
           ENTRY                   ADDRESS         REF BY
           =====                   =======         ======
           g_iSystemSetup          2174            system_boot (main_system)
    -------------------------------------------------------------------------
DATA16_Z
  Relative segment, address: 2316 - 2316 (0x1 bytes), align: 0
  Segment part 49.            Intra module refs:   process_sId
                                                   setvalue
           ENTRY                   ADDRESS         REF BY
           =====                   =======         ======
           sensorId                2316 
    -------------------------------------------------------------------------
CONFIGURATION
  Relative segment, address: 40D8 - 4379 (0x2a2 bytes), align: 1
  Segment part 50.            Intra module refs:   ?Subroutine17
                                                   Segment part 53
                                                   config_parse_configuration_sms
                                                   setvalue
           ENTRY                   ADDRESS         REF BY
           =====                   =======         ======
           g_ConfigDevice          40D8            event_upload_samples (events)
                                                   temp_sampled_data (modem)
                                                   upload_packet_sms (modem)
    -------------------------------------------------------------------------
CONFIGURATION
  Relative segment, address: 437A - 437F (0x6 bytes), align: 1
  Segment part 51.            Intra module refs:   Segment part 55
           ENTRY                   ADDRESS         REF BY
           =====                   =======         ======
           g_ConfigSystem          437A 
    -------------------------------------------------------------------------
DATA16_I
  Relative segment, address: 2132 - 2133 (0x2 bytes), align: 1
  Segment part 52.            Intra module refs:   cfgGetAppMode
                                                   config_default_configuration
                                                   config_getSelectedSIM
                                                   config_parse_configuration_sms
                                                   default_param_reset
                                                   set_sen
                                                   setvalue
           ENTRY                   ADDRESS         REF BY
           =====                   =======         ======
           g_pDevCfg               2132            alarm_sms (alarms)
                                                   alarm_test_sensor (alarms)
                                                   events_init (events)
                                                   get_sim_num (modem)
                                                   gprs_config_dev (sms)
                                                   i2c_temperature (temperature)
                                                   parse_imei (modem)
                                                   send_deviceready (modem)
                                                   state_battery_level (state_machine)
                                                   temp_sampled_data (modem)
                                                   temperature_subsampling_calculate (temperature)
    -------------------------------------------------------------------------
DATA16_I
  Relative segment, address: 2134 - 2135 (0x2 bytes), align: 1
  Segment part 54.            Intra module refs:   config_init
                                                   default_param_reset
           ENTRY                   ADDRESS         REF BY
           =====                   =======         ======
           g_pSysCfg               2134            check_for_OTA (ota)
                                                   gsm_init (modem)
                                                   parse_diag_command (debug)
                                                   system_boot (main_system)
    -------------------------------------------------------------------------
<CODE> 1 (was CODE)
  Relative segment, address: 00013C08 - 00013C19 (0x12 bytes), align: 1
  Segment part 70.            Intra module refs:   config_init
           ENTRY                   ADDRESS         REF BY
           =====                   =======         ======
           check_address_empty     00013C08 
    -------------------------------------------------------------------------
<CODE> 1 (was CODE)
  Relative segment, address: 000137D2 - 000137E9 (0x18 bytes), align: 1
  Segment part 75.
           ENTRY                   ADDRESS         REF BY
           =====                   =======         ======
           config_getSelectedSIM   000137D2        lcd_show (lcd)
    -------------------------------------------------------------------------
<CODE> 1 (was CODE)
  Relative segment, address: 00014220 - 00014229 (0xa bytes), align: 1
  Segment part 81.
           ENTRY                   ADDRESS         REF BY
           =====                   =======         ======
           cfgGetAppMode           00014220        alarm_test_sensor (alarms)
                                                   i2c_temperature (temperature)
                                                   resistance_to_temperature (temperature)
                                                   temperature_subsampling_calculate (temperature)
    -------------------------------------------------------------------------
DATA16_I
  Relative segment, address: 2136 - 213B (0x6 bytes), align: 1
  Segment part 56.            Intra module refs:   default_param_reset
           LOCAL                   ADDRESS         
           =====                   =======         
           g_szAppModeStrings      2136 
    -------------------------------------------------------------------------
<CODE> 1 (was CODE)
  Relative segment, address: 00010A5E - 00010B69 (0x10c bytes), align: 1
  Segment part 83.            Intra module refs:   config_init
           ENTRY                   ADDRESS         REF BY
           =====                   =======         ======
           default_param_reset     00010A5E 
               calls direct
    -------------------------------------------------------------------------
DATA16_Z
  Relative segment, address: 21E0 - 21E1 (0x2 bytes), align: 1
  Segment part 59.            Intra module refs:   set_sen
                                                   setvalue
           ENTRY                   ADDRESS         REF BY
           =====                   =======         ======
           dur_hot                 21E0 
    -------------------------------------------------------------------------
DATA16_Z
  Relative segment, address: 21E2 - 21E3 (0x2 bytes), align: 1
  Segment part 60.            Intra module refs:   set_sen
                                                   setvalue
           ENTRY                   ADDRESS         REF BY
           =====                   =======         ======
           dur_cold                21E2 
    -------------------------------------------------------------------------
DATA16_Z
  Relative segment, address: 21E4 - 21E7 (0x4 bytes), align: 1
  Segment part 61.            Intra module refs:   set_sen
                                                   setvalue
           ENTRY                   ADDRESS         REF BY
           =====                   =======         ======
           temp_hot_float          21E4 
    -------------------------------------------------------------------------
DATA16_Z
  Relative segment, address: 21E8 - 21EB (0x4 bytes), align: 1
  Segment part 62.            Intra module refs:   set_sen
                                                   setvalue
           ENTRY                   ADDRESS         REF BY
           =====                   =======         ======
           temp_cold_float         21E8 
    -------------------------------------------------------------------------
DATA16_Z
  Relative segment, address: 2317 - 2317 (0x1 bytes), align: 0
[...]
                                                   config_parse_configuration_sms (config)
                                                   get_local_time (packet_format)
                                                   ota_process (ota)
                                                   parse_value (config)
               calls direct

    -------------------------------------------------------------------------
  LIBRARY MODULE, NAME : ?xstoxflt

  SEGMENTS IN THE MODULE
  ======================
<CODE,LOW_MEM> 1 (was CODE)
  Relative segment, address: 9BD8 - 9DFB (0x224 bytes), align: 1
  Segment part 5.
           ENTRY                   ADDRESS         REF BY
           =====                   =======         ======
           _Stoxflt                9BD8            __iar_Stodx (?xstod)
               calls direct
    -------------------------------------------------------------------------
<CODE> 1 (was CODE)
  Relative segment, address: 0001416C - 00014175 (0xa bytes), align: 1
  Segment part 6.             Intra module refs:   _Stoxflt
    -------------------------------------------------------------------------
<CODE> 1 (was CODE)
  Relative segment, address: 00014162 - 00014163 (0x2 bytes), align: 1
  Segment part 7.             Intra module refs:   _Stoxflt
    -------------------------------------------------------------------------
<CODE> 1 (was CODE)
  Relative segment, address: 00014164 - 0001416B (0x8 bytes), align: 1
  Segment part 8.             Intra module refs:   Segment part 7
                                                   _Stoxflt
    -------------------------------------------------------------------------
<CODE> 1 (was CODE)
  Relative segment, address: 00013DA0 - 00013DAF (0x10 bytes), align: 1
  Segment part 9.             Intra module refs:   _Stoxflt
    -------------------------------------------------------------------------
<CODE> 1 (was CODE)
  Relative segment, address: 00013DB0 - 00013DBF (0x10 bytes), align: 1
  Segment part 10.            Intra module refs:   _Stoxflt
    -------------------------------------------------------------------------
DATA16_C
  Relative segment, address: 6F27 - 6F3D (0x17 bytes), align: 0
  Segment part 2.             Intra module refs:   _Stoxflt
    -------------------------------------------------------------------------
DATA16_C
  Relative segment, address: 6F3E - 6F53 (0x16 bytes), align: 0
  Segment part 3.             Intra module refs:   Segment part 9

    -------------------------------------------------------------------------
  LIBRARY MODULE, NAME : ?xttotm

  SEGMENTS IN THE MODULE
  ======================
DATA16_C
  Relative segment, address: 541E - 5435 (0x18 bytes), align: 1
  Segment part 2.             Intra module refs:   __iar_Daysto32
                                                   __iar_Ttotm32
    -------------------------------------------------------------------------
DATA16_C
  Relative segment, address: 5436 - 544D (0x18 bytes), align: 1
  Segment part 3.             Intra module refs:   __iar_Daysto32
                                                   __iar_Ttotm32
    -------------------------------------------------------------------------
DATA16_Z
  Relative segment, address: 2300 - 2311 (0x12 bytes), align: 1
  Segment part 4.             Intra module refs:   __iar_Ttotm32
    -------------------------------------------------------------------------
<CODE> 1 (was CODE)
  Relative segment, address: 00012CD8 - 00012D15 (0x3e bytes), align: 1
  Segment part 6.             Intra module refs:   __iar_Ttotm32
           ENTRY                   ADDRESS         REF BY
           =====                   =======         ======
           __iar_Daysto32          00012CD8        __iar_Isdst32 (?xisdst)
                                                   __mktime32 (?mktime)
               calls direct
    -------------------------------------------------------------------------
<CODE,LOW_MEM> 1 (was CODE)
  Relative segment, address: B79A - B8F9 (0x160 bytes), align: 1
  Segment part 7.
           ENTRY                   ADDRESS         REF BY
           =====                   =======         ======
           __iar_Ttotm32           B79A            __mktime32 (?mktime)
               calls direct
    -------------------------------------------------------------------------
<CODE> 1 (was CODE)
  Relative segment, address: 00013E3E - 00013E4B (0xe bytes), align: 1
  Segment part 8.             Intra module refs:   __iar_Ttotm32

    -------------------------------------------------------------------------
  LIBRARY MODULE, NAME : ?xwctomb

  SEGMENTS IN THE MODULE
  ======================
<CODE> 1 (was CODE)
  Relative segment, address: 00013738 - 00013751 (0x1a bytes), align: 1
  Segment part 2.
           ENTRY                   ADDRESS         REF BY
           =====                   =======         ======
           _Wctomb                 00013738        _PutstrFull (?xprintffull)
               calls direct

    -------------------------------------------------------------------------
  LIBRARY MODULE, NAME : ?xxmemxfree

  SEGMENTS IN THE MODULE
  ======================
<CODE> 1 (was CODE)
  Relative segment, address: 00011CAE - 00011D33 (0x86 bytes), align: 1
  Segment part 2.
           ENTRY                   ADDRESS         REF BY
           =====                   =======         ======
           __data16_free           00011CAE        _PutstrFull (?xprintffull)
                                                   __data16_findmem (?xxmemxmalloc)
                                                   __iar_Isdst32 (?xisdst)
                                                   __iar_Tls_dtor__Isdst_rules (?xisdst)
                                                   append_data_in_buffer (packet_format)
                                                   free (?free)

    -------------------------------------------------------------------------
  LIBRARY MODULE, NAME : ?xxmemxmalloc

  SEGMENTS IN THE MODULE
  ======================
DATA16_Z
  Relative segment, address: 2312 - 2315 (0x4 bytes), align: 1
  Segment part 2.             Intra module refs:   __data16_findmem
                                                   __data16_malloc
           ENTRY                   ADDRESS         REF BY
           =====                   =======         ======
           __data16_Aldata         2312            __data16_free (?xxmemxfree)
    -------------------------------------------------------------------------
<CODE> 1 (was CODE)
  Relative segment, address: 00012468 - 000124CB (0x64 bytes), align: 1
  Segment part 4.             Intra module refs:   __data16_malloc
           LOCAL                   ADDRESS         
           =====                   =======         
           __data16_findmem        00012468 
               calls direct
    -------------------------------------------------------------------------
<CODE> 1 (was CODE)
  Relative segment, address: 00012114 - 00012185 (0x72 bytes), align: 1
  Segment part 6.
           ENTRY                   ADDRESS         REF BY
           =====                   =======         ======
           __data16_malloc         00012114        _PutstrFull (?xprintffull)
                                                   append_data_in_buffer (packet_format)
                                                   malloc (?malloc)
               calls direct

    *************************************************************************

  FILE NAME : C:\Program Files (x86)\IAR Systems\Embedded Workbench 7.4\430\lib\MathLib\MSPMATHLIB_IAR_msp430_CPUX_large_code_medium_data.lib



                ****************************************
                *                                      *
                *            MODULE SUMMARY            *
                *                                      *
                ****************************************

Module                           CODE      DATA      CONST
------                           ----      ----      -----
                                (Rel)  (Rel)  (Abs)  (Rel)
?Cast32f32i                       146
?ClearMemoryBytes                  16
?ClearMemoryWords                  16
?CopyMemoryBytes                   16
?DivMod32s                         64
?DivMod32u                         48
?DivMod816s                        48
?DivMod816u                        24
?FLT_EQ                            48
?FLT_Extract                       76
?FLT_GE                            86
?FLT_LT                            82
?Mul16to32sHw                      28
?Mul32Hw32                         36
?Mul32fHw32                       278
?Mul8Hw                            32
?ShiftLeft32                       18
?ShiftLeft32_8n                    12
?ShiftRight32s                     18
?__dbg_break                        2
?__exit                            20
?_exit                             12
?abort                             16
?atexit                            10
?atoi                              10
?cppinit                          132      2
?cstart                            40
?div                               22
?div64i                           192
?errno                                     2
?exit                               4
?free                               4
?getzone                            6                    2
?isdigit                           14
?isxxx                             40
?localeconv                        16     50            60
?localtim                         174      6
?malloc                             4
?memchr                            20
  + shared                          4
?memcpy                            18
?memset                            18
?memzero                           20
?mktime                           412
?reset_vector                       2
?setlocale                         40     30             5
?snprintf                          80
?sprintf                           60
?strcat                            24
?strchr                            14
?strcmp                            30
?strcpy                            16
?strcspn                           34
?strlen                            18
?strncpy                           34
?strrchr                           18
?strspn                            34
?strstr                            52
?strtok                            76      2
?tolower                           20
?xdscale                          142
?xdtento                          396                   24
?xdunscal                          70
?xencoding_sb                      82
?xgetdst                          332
?xgetmemchunk                      30      2
?xgettime                          80
?xisdst                           382      5
?xlocale_c                        110
?xlog                             548
?xmbcurmax                          8
?xmbtowc                           30
?xprintffull                    4 514                   25
?xsnprout                          26
?xsprout                           12
?xstod                            372
?xstoflt                          582
?xstol                            170
?xstopfx                          314
?xstoul                           394                   74
?xstoxflt                         600                   45
?xttotm                           428     18            48
?xwctomb                           26
?xxmemxfree                       134
?xxmemxmalloc                     214      4
TI_MSPBoot_Mgr_Vectors_FR57xx      24      3      2
TI_MSPBoot_VecRed_FR5969          148
_Add32f                           356
_Cast32fto32s                      50
_Cast32fto32u                      12
_Div32f                           304
alarms                            812                  210
apn_config                        332                   49
battery                           324                   94
  + shared                                       10
buzzer                                            6
config                          3 128     85           515
crc                                24             4
debug                           1 070    604     10  1 247
  + shared                                        6
device_alarms                     704      1           314
encode                            318                   65
events                          1 496      2           196
fatdata
  + shared                                        2
file_system                       266                   98
fridge_data                       970     17           523
fridge_uart                     1 360    565     16    396
globals                                   19             8
hardware_buttons                                 10
  + shared                                        2
i2c                                 8
lcd                               822      5           213
main_system                       378     25      6    181
  + shared                                       14
modem                           2 868    146         1 134
modem_uart                        338    456     24      3
ota                               998      7           353
packet_format                   2 110      2           654
pmm                                26
rtc                               468     20      2      4
rtc_c                             382
sms                               776     85           295
spi_flash                       1 662    312     24    189
state_machine                     760      2             2
stringutils                       670                   13
temperature                     2 446     79     30    124
timer                               4      4      6
watchdog                            8
N/A (command line)                       320
N/A (alignment)
------                         ------  -----    ---  -----
Total:                         39 272  2 880    174  7 163


                ****************************************
                *                                      *
                *      SEGMENTS IN ADDRESS ORDER       *
                *                                      *
                ****************************************


SEGMENT              SPACE    START ADDRESS   END ADDRESS     SIZE  TYPE  ALIGN
=======              =====    =============   ===========     ====  ====  =====
DATA16_AN                              0120 - 0121               2   rel    0
                                       0130 - 0131               2 
                                       0152 - 0155               4 
                                       015C - 015D               2 
                                       01B0 - 01B1               2 
                                       0200 - 0205               6 
                                       020A - 020D               4 
                                       021A - 021B               2 
                                       021E - 0227               A 
                                       022A - 022F               6 
                                       023A - 023B               2 
                                       023E - 0247               A 
                                       024A - 024D               4 
                                       0260 - 0265               6 
                                       026A - 026D               4 
                                       03C0 - 03C3               4 
                                       03D2 - 03D3               2 
                                       0400 - 0403               4 
                                       0412 - 0413               2 
                                       04AE - 04AF               2 
                                       05A0 - 05A1               2 
                                       05A8 - 05A9               2 
                                       05C0 - 05C1               2 
                                       05C6 - 05CF               A 
                                       05DA - 05DB               2 
                                       05DE - 05E1               4 
                                       05E6 - 05E9               4 
                                       05EC - 05EF               4 
                                       05FA - 0601               8 
                                       0606 - 060F               A 
                                       061A - 061B               2 
                                       061E - 061F               2 
                                       06C0 - 06C1               2 
                                       06C6 - 06C7               2 
                                       06CC - 06CF               4 
                                       06EC - 06EF               4 
                                       0700 - 0701               2 
                                       0708 - 0709               2 
                                       0800 - 0807               8 
                                       0812 - 0813               2 
                                       0818 - 0819               2 
                                       0834 - 0837               4 
                                       083E - 083F               2 
                                       086E - 086F               2 
                                       0874 - 0877               4 
                                       087E - 087F               2 
DATA16_I                               2132 - 21DE              AD   rel    1
DATA16_Z                               21E0 - 2B2F             950   rel    1
DATA16_N                               2B30 - 2B32               3   rel    1
DATA16_HEAP                            2B34 - 2BD3              A0   rel    1
CODE_I                                    2BD4                       rel    1
DATA20_N                                  2BD4                       rel    1
DATA20_Z                                  2BD4                       rel    1
DATA20_I                                  2BD4                       rel    1
STATE_MACHINE                          4000 - 40D7              D8   rel    1
CALIBRATION                               40D8                       dse    0
CONFIGURATION                          40D8 - 437F             2A8   rel    1
XBIGDATA                               4380 - 4475              F6   rel    1
AGGREGATE                              4476 - 4529              B4   rel    0
CSTACK                                 5360 - 53FF              A0   rel    1
DATA16_C                               5406 - 6F53            1B4E   rel    1
DATA16_ID                              6F54 - 7000              AD   rel    1
CSTART                                 7002 - 7029              28   rel    1
ISR_CODE                               702A - 7245             21C   rel    1
<CODE,LOW_MEM> 1                       7246 - C069            4E24   rel    1
APP_PROXY_VECTORS                      C06A - C0FD              94   rel    1
RESET                                  C0FE - C0FF               2   rel    1
<CODE> 1                           00010000 - 0001433F        4340   rel    1
DATA20_C                                00014340                     rel    1
DATA20_ID                               00014340                     rel    1
CODE_ID                                 00014340                     rel    1

                ****************************************
                *                                      *
                *        END OF CROSS REFERENCE        *
                *                                      *
                ****************************************

 39 272 bytes of CODE  memory
  2 880 bytes of DATA  memory (+ 174 absolute )
  7 163 bytes of CONST memory

Errors: none
Warnings: 68

